kotlin version: 2.3.21
error message: Incremental compilation failed: java.lang.OutOfMemoryError: Java heap space
java.io.IOException: java.lang.OutOfMemoryError: Java heap space
	at org.jetbrains.kotlin.com.intellij.util.io.IOUtil.readString(IOUtil.java:86)
	at org.jetbrains.kotlin.incremental.storage.StringExternalizer.read(externalizers.kt:226)
	at org.jetbrains.kotlin.incremental.storage.FileDescriptor.read(FileToPathConverter.kt:37)
	at org.jetbrains.kotlin.incremental.storage.FileDescriptor.read(FileToPathConverter.kt:30)
	at org.jetbrains.kotlin.com.intellij.util.io.PersistentMapImpl.doGet(PersistentMapImpl.java:682)
	at org.jetbrains.kotlin.com.intellij.util.io.PersistentMapImpl.get(PersistentMapImpl.java:615)
	at org.jetbrains.kotlin.com.intellij.util.io.PersistentHashMap.get(PersistentHashMap.java:196)
	at org.jetbrains.kotlin.incremental.storage.LazyStorage.get(LazyStorage.kt:76)
	at org.jetbrains.kotlin.incremental.storage.InMemoryStorage.get(InMemoryStorage.kt:68)
	at org.jetbrains.kotlin.incremental.storage.PersistentStorageWrapper.get(PersistentStorage.kt:105)
	at org.jetbrains.kotlin.incremental.AbstractIncrementalCache.getSourceFileIfClass(AbstractIncrementalCache.kt:131)
	at org.jetbrains.kotlin.incremental.IncrementalJvmCompilerRunnerBase.additionalDirtyFiles$addSourceFilesWhenClassLikeDeclarationNameClash(IncrementalJvmCompilerRunnerBase.kt:127)
	at org.jetbrains.kotlin.incremental.IncrementalJvmCompilerRunnerBase.additionalDirtyFiles(IncrementalJvmCompilerRunnerBase.kt:133)
	at org.jetbrains.kotlin.incremental.IncrementalJvmCompilerRunnerBase.additionalDirtyFiles(IncrementalJvmCompilerRunnerBase.kt:52)
	at org.jetbrains.kotlin.incremental.IncrementalCompilerRunner.doCompile(IncrementalCompilerRunner.kt:537)
	at org.jetbrains.kotlin.incremental.IncrementalCompilerRunner.compileImpl(IncrementalCompilerRunner.kt:422)
	at org.jetbrains.kotlin.incremental.IncrementalCompilerRunner.tryCompileIncrementally$lambda$0$compile(IncrementalCompilerRunner.kt:252)
	at org.jetbrains.kotlin.incremental.IncrementalCompilerRunner.tryCompileIncrementally(IncrementalCompilerRunner.kt:270)
	at org.jetbrains.kotlin.incremental.IncrementalCompilerRunner.compile(IncrementalCompilerRunner.kt:122)
	at org.jetbrains.kotlin.daemon.CompileServiceImplBase.execIncrementalCompiler(CompileServiceImpl.kt:764)
	at org.jetbrains.kotlin.daemon.CompileServiceImplBase.access$execIncrementalCompiler(CompileServiceImpl.kt:107)
	at org.jetbrains.kotlin.daemon.CompileServiceImpl.compile(CompileServiceImpl.kt:2026)
	at java.base/jdk.internal.reflect.DirectMethodHandleAccessor.invoke(Unknown Source)
	at java.base/java.lang.reflect.Method.invoke(Unknown Source)
	at java.rmi/sun.rmi.server.UnicastServerRef.dispatch(Unknown Source)
	at java.rmi/sun.rmi.transport.Transport$1.run(Unknown Source)
	at java.rmi/sun.rmi.transport.Transport$1.run(Unknown Source)
	at java.base/java.security.AccessController.doPrivileged(Unknown Source)
	at java.rmi/sun.rmi.transport.Transport.serviceCall(Unknown Source)
	at java.rmi/sun.rmi.transport.tcp.TCPTransport.handleMessages(Unknown Source)
	at java.rmi/sun.rmi.transport.tcp.TCPTransport$ConnectionHandler.run0(Unknown Source)
	at java.rmi/sun.rmi.transport.tcp.TCPTransport$ConnectionHandler.lambda$run$0(Unknown Source)
	at java.base/java.security.AccessController.doPrivileged(Unknown Source)
	at java.rmi/sun.rmi.transport.tcp.TCPTransport$ConnectionHandler.run(Unknown Source)
	at java.base/java.util.concurrent.ThreadPoolExecutor.runWorker(Unknown Source)
	at java.base/java.util.concurrent.ThreadPoolExecutor$Worker.run(Unknown Source)
	at java.base/java.lang.Thread.run(Unknown Source)
Caused by: java.lang.OutOfMemoryError: Java heap space
	at org.jetbrains.kotlin.com.intellij.util.io.IOUtil.readString(IOUtil.java:78)
	at org.jetbrains.kotlin.incremental.storage.StringExternalizer.read(externalizers.kt:226)
	at org.jetbrains.kotlin.incremental.storage.FileDescriptor.read(FileToPathConverter.kt:37)
	at org.jetbrains.kotlin.incremental.storage.FileDescriptor.read(FileToPathConverter.kt:30)
	at org.jetbrains.kotlin.com.intellij.util.io.PersistentMapImpl.doGet(PersistentMapImpl.java:682)
	at org.jetbrains.kotlin.com.intellij.util.io.PersistentMapImpl.get(PersistentMapImpl.java:615)
	at org.jetbrains.kotlin.com.intellij.util.io.PersistentHashMap.get(PersistentHashMap.java:196)
	at org.jetbrains.kotlin.incremental.storage.LazyStorage.get(LazyStorage.kt:76)
	at org.jetbrains.kotlin.incremental.storage.InMemoryStorage.get(InMemoryStorage.kt:68)
	at org.jetbrains.kotlin.incremental.storage.PersistentStorageWrapper.get(PersistentStorage.kt:105)
	at org.jetbrains.kotlin.incremental.AbstractIncrementalCache.getSourceFileIfClass(AbstractIncrementalCache.kt:131)
	at org.jetbrains.kotlin.incremental.IncrementalJvmCompilerRunnerBase.additionalDirtyFiles$addSourceFilesWhenClassLikeDeclarationNameClash(IncrementalJvmCompilerRunnerBase.kt:127)
	at org.jetbrains.kotlin.incremental.IncrementalJvmCompilerRunnerBase.additionalDirtyFiles(IncrementalJvmCompilerRunnerBase.kt:133)
	at org.jetbrains.kotlin.incremental.IncrementalJvmCompilerRunnerBase.additionalDirtyFiles(IncrementalJvmCompilerRunnerBase.kt:52)
	at org.jetbrains.kotlin.incremental.IncrementalCompilerRunner.doCompile(IncrementalCompilerRunner.kt:537)
	at org.jetbrains.kotlin.incremental.IncrementalCompilerRunner.compileImpl(IncrementalCompilerRunner.kt:422)
	at org.jetbrains.kotlin.incremental.IncrementalCompilerRunner.tryCompileIncrementally$lambda$0$compile(IncrementalCompilerRunner.kt:252)
	at org.jetbrains.kotlin.incremental.IncrementalCompilerRunner.tryCompileIncrementally(IncrementalCompilerRunner.kt:270)
	at org.jetbrains.kotlin.incremental.IncrementalCompilerRunner.compile(IncrementalCompilerRunner.kt:122)
	at org.jetbrains.kotlin.daemon.CompileServiceImplBase.execIncrementalCompiler(CompileServiceImpl.kt:764)
	at org.jetbrains.kotlin.daemon.CompileServiceImplBase.access$execIncrementalCompiler(CompileServiceImpl.kt:107)
	at org.jetbrains.kotlin.daemon.CompileServiceImpl.compile(CompileServiceImpl.kt:2026)
	at java.base/java.lang.invoke.LambdaForm$DMH/0x00000001001a6800.invokeInterface(LambdaForm$DMH)
	at java.base/java.lang.invoke.LambdaForm$MH/0x00000001001aac00.invoke(LambdaForm$MH)
	at java.base/java.lang.invoke.Invokers$Holder.invokeExact_MT(Invokers$Holder)
	at java.base/jdk.internal.reflect.DirectMethodHandleAccessor.invokeImpl(Unknown Source)
	at java.base/jdk.internal.reflect.DirectMethodHandleAccessor.invoke(Unknown Source)
	at java.base/java.lang.reflect.Method.invoke(Unknown Source)
	at java.rmi/sun.rmi.server.UnicastServerRef.dispatch(Unknown Source)
	at java.rmi/sun.rmi.transport.Transport$1.run(Unknown Source)
	at java.rmi/sun.rmi.transport.Transport$1.run(Unknown Source)
	at java.base/java.security.AccessController.executePrivileged(Unknown Source)


